// Jest Snapshot v1, https://goo.gl/fbAQLP

exports[`renders correctly 1`] = `
<div
  className="layout layout-default"
>
  <header
    className="layout-header"
  >
    <div
      className="container"
    >
      <nav
        className="navbar"
      >
        <a
          className="navbar-brand"
          href="index.html"
        >
          <span>
            N
          </span>
          otarum
        </a>
        <form
          className="form-inline"
        >
          <button
            className="btn btn-outline-dark"
          >
            Sign in
          </button>
        </form>
      </nav>
    </div>
  </header>
  <main
    className="layout-main"
  >
    <div
      className="page page-home"
    >
      <div
        className="page-header"
      />
      <div
        className="page-content"
      >
        <section
          className="section-hero"
        >
          <div
            className="container"
          >
            <div
              className="row"
            >
              <div
                className="col-xl-6 align-self-center"
              >
                <h1
                  className="section-title"
                >
                  Automating corporate due diligence
                </h1>
                <p
                  className="text"
                >
                  Notarum is a modern due diligence workflow tool designed to reduce busywork—so you can focus on the bigger picture.
                </p>
                <button
                  className="btn btn-primary"
                >
                  Learn More
                </button>
              </div>
              <div
                className="col-xl-6"
              >
                <img
                  alt=""
                  className="w-100"
                  src={
                    Object {
                      "ReactComponent": [Function],
                      "__esModule": true,
                      "default": "section-hero-thumbnail.svg",
                    }
                  }
                />
              </div>
            </div>
          </div>
        </section>
        <section
          className="section-features"
        >
          <div
            className="container"
          >
            <div
              className="row"
            >
              <div
                className="col-xl-4"
              >
                <div
                  className="feature"
                >
                  <img
                    alt=""
                    className="feature-icon"
                    src="icon-feature-01.png"
                  />
                  <div
                    className="feature-content"
                  >
                    <h4
                      className="feature-title"
                    >
                      Faster Processing
                    </h4>
                    <p
                      className="feature-text"
                    >
                      Supercharge your processes with goal-centric planning
                    </p>
                  </div>
                </div>
                <div
                  className="feature"
                >
                  <img
                    alt=""
                    className="feature-icon"
                    src="icon-feature-02.png"
                  />
                  <div
                    className="feature-content"
                  >
                    <h4
                      className="feature-title"
                    >
                      Primary Source Verification
                    </h4>
                    <p
                      className="feature-text"
                    >
                      Use data with verifiable provenance in your decisioning
                    </p>
                  </div>
                </div>
              </div>
              <div
                className="col-xl-4"
              >
                <div
                  className="feature"
                >
                  <img
                    alt=""
                    className="feature-icon"
                    src="icon-feature-03.png"
                  />
                  <div
                    className="feature-content"
                  >
                    <h4
                      className="feature-title"
                    >
                      Smart Screening
                    </h4>
                    <p
                      className="feature-text"
                    >
                      Cut through the noise and reduce false positives
                    </p>
                  </div>
                </div>
                <div
                  className="feature"
                >
                  <img
                    alt=""
                    className="feature-icon"
                    src="icon-feature-04.png"
                  />
                  <div
                    className="feature-content"
                  >
                    <h4
                      className="feature-title"
                    >
                      Collaborative Workflow
                    </h4>
                    <p
                      className="feature-text"
                    >
                      Keep everyone on the same page with new ways to easily share work and collect feedback
                    </p>
                  </div>
                </div>
              </div>
              <div
                className="col-xl-4 align-self-center"
              >
                <h3
                  className="section-title"
                >
                  Where your due diligence work thrives
                </h3>
                <p
                  className="text"
                >
                  Notarum makes performing due diligence analysis and sharing work with team mates easier than ever.
                </p>
              </div>
            </div>
          </div>
        </section>
        <section
          className="section-services"
        >
          <div
            className="container"
          >
            <div
              className="section-header"
            >
              <div
                className="row"
              >
                <div
                  className="col-xl-8 mx-auto text-center"
                >
                  <h2
                    className="section-title"
                  >
                    We service all companies across all industries
                  </h2>
                  <p
                    className="text"
                  >
                    From fund management to legal and professional services, our platform empowers your compliance teams to make accurate, compliant decisions.
                  </p>
                </div>
              </div>
            </div>
            <div
              className="section-content"
            >
              <div
                className="row"
              >
                <div
                  className="col-xl-6"
                >
                  <img
                    alt=""
                    className="w-100"
                    src="macbook.png"
                  />
                </div>
                <div
                  className="col-xl-6"
                >
                  <div
                    className="service"
                  >
                    <figure
                      className=""
                    >
                      <img
                        alt=""
                        className=""
                        src="icon-service-01.png"
                      />
                    </figure>
                    <div
                      className="service-content"
                    >
                      <h4
                        className="service-name"
                      >
                        Efficient
                      </h4>
                      <p
                        className="service-text"
                      >
                        Our customisable workflow means faster onboarding and monitoring, and easy collaboration between teams
                      </p>
                    </div>
                  </div>
                  <div
                    className="service"
                  >
                    <figure
                      className=""
                    >
                      <img
                        alt=""
                        className=""
                        src="icon-service-02.png"
                      />
                    </figure>
                    <div
                      className="service-content"
                    >
                      <h4
                        className="service-name"
                      >
                        Effective
                      </h4>
                      <p
                        className="service-text"
                      >
                        Rely on primary source data for continuous monitoring so you know exactly who you are doing business with
                      </p>
                    </div>
                  </div>
                  <div
                    className="service"
                  >
                    <figure
                      className=""
                    >
                      <img
                        alt=""
                        className=""
                        src="icon-service-03.png"
                      />
                    </figure>
                    <div
                      className="service-content"
                    >
                      <h4
                        className="service-name"
                      >
                        Compliant
                      </h4>
                      <p
                        className="service-text"
                      >
                        Smart screening and reports ensure your organisation adopts a risk-based approach to customer due diligence
                      </p>
                    </div>
                  </div>
                </div>
              </div>
            </div>
          </div>
        </section>
        <section
          className="section-mission"
        >
          <div
            className="container"
          >
            <div
              className="row"
            >
              <div
                className="col-xl-8 mx-auto text-center"
              >
                <h4
                  className="section-title"
                >
                  Our AI platform and workflow collaboration tool automates ~90% of the current process, reducing cost and risk—a rare win-win
                </h4>
                <p
                  className="text"
                >
                  We aim to service a global web of millions of interconnected companies whose due diligence needs are entirely automated—flagging and removing suspect characters and eliminating companies’ regulatory risk.
                </p>
              </div>
            </div>
          </div>
        </section>
        <section
          className="section-contact"
        >
          <div
            className="container"
          >
            <div
              className="row"
            >
              <div
                className="col-xl-6"
              >
                <h3
                  className="section-title"
                >
                  We'd love to hear from you.
                </h3>
                <p
                  className="text"
                >
                  Let us know if you are interested to participate in our beta program.
                  <br />
                  We will then reach out to understand more about your business and requirements.
                </p>
                <img
                  alt=""
                  className="thumbnail"
                  src={
                    Object {
                      "ReactComponent": [Function],
                      "__esModule": true,
                      "default": "section-contact-thumbnail.svg",
                    }
                  }
                />
              </div>
              <form
                className="col-xl-6"
              >
                <div
                  className="form-group"
                >
                  <label
                    htmlFor="field-name"
                    id="label-name"
                  >
                    Name
                  </label>
                  <input
                    aria-label="name"
                    aria-labelledby="label-name"
                    className="form-control"
                    id="field-name"
                    placeholder="Ex: James Smith"
                    type="text"
                  />
                </div>
                <div
                  className="form-group"
                >
                  <label
                    htmlFor="field-email"
                    id="label-email"
                  >
                    Email address
                  </label>
                  <input
                    aria-label="email"
                    aria-labelledby="label-email"
                    className="form-control"
                    id="field-email"
                    placeholder="Ex: james.smith@gmail.com"
                    type="email"
                  />
                </div>
                <div
                  className="form-group"
                >
                  <label
                    htmlFor="field-message"
                    id="label-message"
                  >
                    Message
                  </label>
                  <textarea
                    aria-label="message"
                    aria-labelledby="label-message"
                    className="form-control"
                    id="field-message"
                    rows="5"
                  />
                </div>
                <button
                  className="btn btn-primary btn-block"
                  type="submit"
                >
                  Submit
                </button>
              </form>
            </div>
          </div>
        </section>
      </div>
      <div
        className="page-footer"
      />
    </div>
  </main>
  <footer
    className="layout-footer"
  >
    <div
      className="container"
    >
      <div
        className="row"
      >
        <div
          className="col-xl-3"
        >
          <h5
            className="footer-title"
          >
            Quicklinks
          </h5>
          <ul
            className="footer-nav"
          >
            <li
              className="footer-item"
            >
              <a
                className="footer-link"
                href="index.html"
              >
                Support
              </a>
            </li>
            <li
              className="footer-item"
            >
              <a
                className="footer-link"
                href="index.html"
              >
                Terms
              </a>
            </li>
            <li
              className="footer-item"
            >
              <a
                className="footer-link"
                href="index.html"
              >
                Privacy Policy
              </a>
            </li>
          </ul>
        </div>
        <div
          className="col-xl-3"
        >
          <h5
            className="footer-title"
          >
            Get Social
          </h5>
          <ul
            className="footer-nav"
          >
            <li
              className="footer-item"
            >
              <a
                className="footer-link"
                href="index.html"
              >
                Facebook
              </a>
            </li>
            <li
              className="footer-item"
            >
              <a
                className="footer-link"
                href="index.html"
              >
                Twitter
              </a>
            </li>
            <li
              className="footer-item"
            >
              <a
                className="footer-link"
                href="index.html"
              >
                Linkedin
              </a>
            </li>
          </ul>
        </div>
        <div
          className="col-xl-3"
        >
          <h5
            className="footer-title"
          >
            Singapore
          </h5>
          <div
            className="address"
          >
            32 Carpenter Street 059911 Singapore
          </div>
        </div>
        <div
          className="col-xl-3"
        />
      </div>
    </div>
    <div
      className="copyright"
    >
      <span
        className="mr-2"
      >
        Copyright 2019 Notarum
      </span>
      <span>
        All Rights Reserved
      </span>
    </div>
  </footer>
</div>
`;
