// Jest Snapshot v1, https://goo.gl/fbAQLP

exports[`renders correctly 1`] = `
<div
  className="layout layout-default"
>
  <h1
    className="hidden"
  >
    Notarum
  </h1>
  <header
    className="layout-header"
  />
  <main
    className="layout-main"
  >
    <div
      className="page page-home"
    >
      <div
        className="page-header"
      />
      <div
        className="page-content"
      >
        <section
          className="section-hero"
        >
          <div
            className="container"
          >
            <h2
              className="section-title"
            >
              Automating corporate due diligence
            </h2>
            <p
              className="section-lead"
            >
              Lorem ipsum dolor sit amet, consectetur adipiscing elit. Ut rhoncus magna a lacinia tempor.
            </p>
            <button
              className="btn btn-outline-white"
            >
              Learn More
            </button>
            <button
              className="btn btn-dark"
            >
              Purchase Now
            </button>
            <img
              alt=""
              className="w-100"
              src="web-app.png"
            />
          </div>
        </section>
        <section
          className="section-partners"
        >
          <div
            className="container"
          >
            <div
              className="row"
            >
              <div
                className="col-xl-2"
              >
                <img
                  alt=""
                  className="w-100"
                  src="logo1.png"
                />
              </div>
              <div
                className="col-xl-2"
              >
                <img
                  alt=""
                  className="w-100"
                  src="logo2.png"
                />
              </div>
              <div
                className="col-xl-2"
              >
                <img
                  alt=""
                  className="w-100"
                  src="logo3.png"
                />
              </div>
              <div
                className="col-xl-2"
              >
                <img
                  alt=""
                  className="w-100"
                  src="logo4.png"
                />
              </div>
              <div
                className="col-xl-2"
              >
                <img
                  alt=""
                  className="w-100"
                  src="logo5.png"
                />
              </div>
              <div
                className="col-xl-2"
              >
                <img
                  alt=""
                  className="w-100"
                  src="logo6.png"
                />
              </div>
            </div>
          </div>
        </section>
        <section
          className="section-feature-01"
        >
          <div
            className="container"
          >
            <div
              className="row"
            >
              <div
                className="col-xl-7"
              >
                <h3
                  className="section-title"
                >
                  Connecting the Things As a Most Advanced Solution
                </h3>
                <p>
                  Lorem ipsum dolor sit amet, consectetur adipiscing elit. Donec pellentesque efficitur turpis, vitae dictum dolor tristique in. Mauris tristique id urna at cursus. Aliquam maximus, ligula nec commodo maximus, felis metus sagittis ligula, lobortis consequat ante risus ut elit.
                </p>
                <div
                  className="row"
                >
                  <div
                    className="col-xl-6"
                  >
                    <ul>
                      <li>
                        Ut lacinia ligula tristique tempus.
                      </li>
                      <li>
                        In ornare nisl vitae pulvinar posuere.
                      </li>
                    </ul>
                  </div>
                  <div
                    className="col-xl-6"
                  >
                    <ul>
                      <li>
                        In et orci sit amet leo consequat.
                      </li>
                      <li>
                        Nullam pellentesque arcu vitae congue.
                      </li>
                    </ul>
                  </div>
                </div>
              </div>
              <div
                className="col-xl-5"
              >
                <img
                  alt=""
                  className="w-100"
                  src="features1.png"
                />
              </div>
            </div>
          </div>
        </section>
        <section
          className="section-feature-02"
        >
          <div
            className="container"
          >
            <div
              className="row"
            >
              <div
                className="col-xl-7"
              >
                <h3
                  className="section-title"
                >
                  Exploring the Possibilities in Mobility Networks
                </h3>
                <p>
                  Lorem ipsum dolor sit amet, consectetur adipiscing elit. Donec pellentesque efficitur turpis, vitae dictum dolor tristique in. Mauris tristique id urna at cursus. Aliquam maximus, ligula nec commodo maximus, felis metus sagittis ligula, lobortis consequat ante risus ut elit.
                </p>
                <div
                  className="row"
                >
                  <div
                    className="col-xl-6"
                  >
                    <ul>
                      <li>
                        Ut lacinia ligula tristique tempus.
                      </li>
                      <li>
                        In ornare nisl vitae pulvinar posuere.
                      </li>
                    </ul>
                  </div>
                  <div
                    className="col-xl-6"
                  >
                    <ul>
                      <li>
                        In et orci sit amet leo consequat.
                      </li>
                      <li>
                        Nullam pellentesque arcu vitae congue.
                      </li>
                    </ul>
                  </div>
                </div>
              </div>
              <div
                className="col-xl-5"
              >
                <img
                  alt=""
                  className="w-100"
                  src="features2.png"
                />
              </div>
            </div>
          </div>
        </section>
        <section
          className="section-feature-03"
        >
          <div
            className="container"
          >
            <div
              className="row"
            >
              <div
                className="col-xl-7"
              >
                <h3
                  className="section-title"
                >
                  Best Customer Support and Always Best Solutions in Hand
                </h3>
                <p>
                  Lorem ipsum dolor sit amet, consectetur adipiscing elit. Donec pellentesque efficitur turpis, vitae dictum dolor tristique in. Mauris tristique id urna at cursus. Aliquam maximus, ligula nec commodo maximus, felis metus sagittis ligula, lobortis consequat ante risus ut elit.
                </p>
                <div
                  className="row"
                >
                  <div
                    className="col-xl-6"
                  >
                    <ul>
                      <li>
                        Ut lacinia ligula tristique tempus.
                      </li>
                      <li>
                        In ornare nisl vitae pulvinar posuere.
                      </li>
                    </ul>
                  </div>
                  <div
                    className="col-xl-6"
                  >
                    <ul>
                      <li>
                        In et orci sit amet leo consequat.
                      </li>
                      <li>
                        Nullam pellentesque arcu vitae congue.
                      </li>
                    </ul>
                  </div>
                </div>
              </div>
              <div
                className="col-xl-5"
              >
                <img
                  alt=""
                  className="w-100"
                  src="features3.png"
                />
              </div>
            </div>
          </div>
        </section>
        <section
          className="section-services"
        >
          <div
            className="container"
          >
            <div
              className="row"
            >
              <div
                className="col-xl-6"
              >
                <img
                  alt=""
                  className="thumbnail"
                  src="cm-laptop-720x425.png"
                />
              </div>
              <div
                className="col-xl-6"
              >
                <h2
                  className="section-title"
                >
                  Awesome Design & Great Functionalities
                </h2>
                <p
                  className="text"
                >
                  Lorem ipsum dolor sit amet, consectetur adipiscing elit. Donec pellentesque efficitur turpis, vitae dictum dolor tristique in. Mauris tristique id urna at cursus.
                </p>
                <div
                  className="media"
                >
                  <img
                    alt=""
                    className="mr-3"
                    src="icon-service-01.png"
                  />
                  <div
                    className="media-body"
                  >
                    <h5
                      className="mt-0"
                    >
                      Efficient
                    </h5>
                    Our customisable workflow means faster onboarding and monitoring, and easy collaboration between teams
                  </div>
                </div>
                <div
                  className="media"
                >
                  <figure
                    className=""
                  >
                    <img
                      alt=""
                      className=""
                      src="icon-service-01.png"
                    />
                  </figure>
                  <div
                    className="media-body"
                  >
                    <h5
                      className="title"
                    >
                      Effective
                    </h5>
                    Rely on primary source data for continuous monitoring so you know exactly who you are doing business with
                  </div>
                </div>
                <div
                  className="media"
                >
                  <img
                    alt=""
                    className="mr-3"
                    src="icon-service-01.png"
                  />
                  <div
                    className="media-body"
                  >
                    <h5
                      className="mt-0"
                    >
                      Compliant
                    </h5>
                    Smart screening and reports ensure your organisation adopts a risk-based approach to customer due diligence
                  </div>
                </div>
              </div>
            </div>
          </div>
        </section>
        <section
          className="section-mission"
        >
          <div
            className="container"
          >
            <div
              className="row"
            >
              <div
                className="col-xl-8 mx-auto"
              >
                <p>
                  Our AI platform and workflow tools automate ~90% of the current process reducing cost and risk, a rare win:win
                </p>
                <p>
                  We aim to service a global web of millions of interconnected companies, whose due diligence needs are entirely automated, suspect characters are flagged and removed, and companies’ regulatory risk eliminated.
                </p>
              </div>
            </div>
          </div>
        </section>
        <section
          className="section-tutorial"
        >
          <h3
            className="section-title"
          >
            Easy to get started, Four Step Process
          </h3>
          <div
            className="container"
          >
            <div
              className="row"
            >
              <div
                className="col-xl-3 col-md-6"
              >
                <div
                  className="step"
                >
                  <img
                    alt=""
                    className="icon"
                    src="login.png"
                  />
                  <h4
                    className="title"
                  >
                    <strong>
                      01.
                    </strong>
                     Access Your Dashboard
                  </h4>
                  <p
                    className="text"
                  >
                    Lorem ipsum dolor sit amet, consectetur adipiscing elit. Donec et aliquet neque, id pretium risus.
                  </p>
                </div>
              </div>
              <div
                className="col-xl-3 col-md-6"
              >
                <div
                  className="step"
                >
                  <img
                    alt=""
                    className="icon"
                    src="login.png"
                  />
                  <h4
                    className="title"
                  >
                    <strong>
                      02.
                    </strong>
                     Lorem ipsum dolor
                  </h4>
                  <p
                    className="text"
                  >
                    Lorem ipsum dolor sit amet, consectetur adipiscing elit. Donec et aliquet neque, id pretium risus.
                  </p>
                </div>
              </div>
              <div
                className="col-xl-3 col-md-6"
              >
                <div
                  className="step"
                >
                  <img
                    alt=""
                    className="icon"
                    src="login.png"
                  />
                  <h4
                    className="title"
                  >
                    <strong>
                      03.
                    </strong>
                     Lorem ipsum dolor
                  </h4>
                  <p
                    className="text"
                  >
                    Lorem ipsum dolor sit amet, consectetur adipiscing elit. Donec et aliquet neque, id pretium risus.
                  </p>
                </div>
              </div>
              <div
                className="col-xl-3 col-md-6"
              >
                <div
                  className="step"
                >
                  <img
                    alt=""
                    className="icon"
                    src="login.png"
                  />
                  <h4
                    className="title"
                  >
                    <strong>
                      04.
                    </strong>
                     Lorem ipsum dolor
                  </h4>
                  <p
                    className="text"
                  >
                    Lorem ipsum dolor sit amet, consectetur adipiscing elit. Donec et aliquet neque, id pretium risus.
                  </p>
                </div>
              </div>
            </div>
          </div>
        </section>
        <section
          className="section-team"
        >
          <h3
            className="section-title"
          >
            Meet our team
          </h3>
          <div
            className="container"
          >
            <div
              className="row"
            >
              <div
                className="col-xl-5 mx-auto"
              >
                <div
                  className="member"
                >
                  <img
                    alt=""
                    className="avatar"
                    src="member1.png"
                  />
                  <h4
                    className="name"
                  >
                    Angela
                  </h4>
                  <div
                    className="position"
                  >
                    Co-Founder
                  </div>
                  <p
                    className="text"
                  >
                    Lorem ipsum dolor sit amet, consectetur adipiscing elit. Donec et aliquet neque, id pretium risus.
                  </p>
                </div>
              </div>
              <div
                className="col-xl-5 mx-auto"
              >
                <div
                  className="member"
                >
                  <img
                    alt=""
                    className="avatar"
                    src="member1.png"
                  />
                  <h4
                    className="name"
                  >
                    Jamie Soo
                  </h4>
                  <div
                    className="position"
                  >
                    Co-Founder
                  </div>
                  <p
                    className="text"
                  >
                    Lorem ipsum dolor sit amet, consectetur adipiscing elit. Donec et aliquet neque, id pretium risus.
                  </p>
                </div>
              </div>
            </div>
          </div>
        </section>
        <section
          className="section-contact"
        >
          <div
            className="section-header"
          >
            <h3
              className="section-title"
            >
              Contact Us
            </h3>
          </div>
          <div
            className="section-content"
          >
            <div
              className="container"
            >
              <div
                className="row"
              >
                <div
                  className="col-xl-6"
                >
                  <h4>
                    We'd love to hear from you.
                  </h4>
                  <p>
                    Let us know if you are interested to participate in our beta program. We will then reach out to understand more about your business and requirements.
                  </p>
                </div>
                <form
                  className="col-xl-6"
                >
                  <div
                    className="form-group"
                  >
                    <label>
                      Name
                    </label>
                    <input
                      className="form-control"
                      placeholder="Ex: Mai Anh Kha"
                      type="text"
                    />
                  </div>
                  <div
                    className="form-group"
                  >
                    <label
                      htmlFor="exampleInputEmail1"
                    >
                      Email address
                    </label>
                    <input
                      aria-describedby="emailHelp"
                      className="form-control"
                      id="exampleInputEmail1"
                      placeholder="Enter email"
                      type="email"
                    />
                  </div>
                  <div
                    className="form-group"
                  >
                    <label>
                      Subject
                    </label>
                    <input
                      className="form-control"
                      placeholder="Ex: Contact"
                      type="text"
                    />
                  </div>
                  <div
                    className="form-group"
                  >
                    <label
                      htmlFor="exampleInputPassword1"
                    >
                      Message
                    </label>
                    <textarea
                      className="form-control"
                    />
                  </div>
                  <button
                    className="btn btn-primary"
                    type="submit"
                  >
                    Submit
                  </button>
                </form>
              </div>
            </div>
          </div>
        </section>
      </div>
      <div
        className="page-footer"
      />
    </div>
  </main>
  <footer
    className="layout-footer"
  >
    <div
      className="container"
    >
      <section
        className="section-01"
      >
        <div
          className="row"
        >
          <div
            className="col-xl-3"
          >
            <h5
              className="footer-title"
            >
              Products
            </h5>
            <ul
              className="footer-nav"
            >
              <li
                className="footer-item"
              >
                <a
                  className="footer-link"
                  href="index.html"
                >
                  Lorem Ipsum
                </a>
              </li>
              <li
                className="footer-item"
              >
                <a
                  className="footer-link"
                  href="index.html"
                >
                  Lorem Ipsum
                </a>
              </li>
              <li
                className="footer-item"
              >
                <a
                  className="footer-link"
                  href="index.html"
                >
                  Lorem Ipsum
                </a>
              </li>
            </ul>
          </div>
          <div
            className="col-xl-3"
          >
            <h5
              className="footer-title"
            >
              Resources
            </h5>
            <ul
              className="footer-nav"
            >
              <li
                className="footer-item"
              >
                <a
                  className="footer-link"
                  href="index.html"
                >
                  Docs
                </a>
              </li>
              <li
                className="footer-item"
              >
                <a
                  className="footer-link"
                  href="index.html"
                >
                  Guides
                </a>
              </li>
              <li
                className="footer-item"
              >
                <a
                  className="footer-link"
                  href="index.html"
                >
                  Release Notes
                </a>
              </li>
              <li
                className="footer-item"
              >
                <a
                  className="footer-link"
                  href="index.html"
                >
                  Blogs
                </a>
              </li>
            </ul>
          </div>
          <div
            className="col-xl-3"
          >
            <h5
              className="footer-title"
            >
              Company
            </h5>
            <ul
              className="footer-nav"
            >
              <li
                className="footer-item"
              >
                <a
                  className="footer-link"
                  href="index.html"
                >
                  About Us
                </a>
              </li>
              <li
                className="footer-item"
              >
                <a
                  className="footer-link"
                  href="index.html"
                >
                  Contact Us
                </a>
              </li>
              <li
                className="footer-item"
              >
                <a
                  className="footer-link"
                  href="index.html"
                >
                  Career
                </a>
              </li>
              <li
                className="footer-item"
              >
                <a
                  className="footer-link"
                  href="index.html"
                >
                  Customers
                </a>
              </li>
            </ul>
          </div>
          <div
            className="col-xl-3"
          >
            <h5
              className="footer-title"
            >
              Quicklinks
            </h5>
            <ul
              className="footer-nav"
            >
              <li
                className="footer-item"
              >
                <a
                  className="footer-link"
                  href="index.html"
                >
                  Support
                </a>
              </li>
              <li
                className="footer-item"
              >
                <a
                  className="footer-link"
                  href="index.html"
                >
                  Terms
                </a>
              </li>
              <li
                className="footer-item"
              >
                <a
                  className="footer-link"
                  href="index.html"
                >
                  Privacy Policy
                </a>
              </li>
            </ul>
          </div>
        </div>
      </section>
      <section
        className="section-02"
      >
        <div
          className="row"
        >
          <div
            className="col-xl-3"
          >
            <h5
              className="footer-title"
            >
              Get Socials
            </h5>
            <ul
              className="footer-nav"
            >
              <li
                className="footer-item"
              >
                <a
                  className="footer-link"
                  href="index.html"
                >
                  Facebook
                </a>
              </li>
              <li
                className="footer-item"
              >
                <a
                  className="footer-link"
                  href="index.html"
                >
                  Twitter
                </a>
              </li>
              <li
                className="footer-item"
              >
                <a
                  className="footer-link"
                  href="index.html"
                >
                  Linkedin
                </a>
              </li>
            </ul>
          </div>
          <div
            className="col-xl-3"
          >
            <h5
              className="footer-title"
            >
              Singapore
            </h5>
            <div
              className="address"
            >
              32 Carpenter Street 059911 Singapore
            </div>
          </div>
          <div
            className="col-xl-3"
          >
            <h5
              className="footer-title"
            >
              Vietnam
            </h5>
            <div
              className="address"
            >
              32 Carpenter Street 059911 Singapore
            </div>
          </div>
          <div
            className="col-xl-3"
          />
        </div>
      </section>
    </div>
    <div
      className="copyright"
    >
      <span>
        Copyright 2019 Notarum
      </span>
      <span>
        All Rights Reserved
      </span>
    </div>
  </footer>
</div>
`;
